{"data":{"__schema":{"queryType":{"name":"Query"},"mutationType":null,"subscriptionType":null,"types":[{"kind":"OBJECT","name":"Query","description":null,"fields":[{"name":"foo","description":"multiline\n\t\t\tdescription","args":[],"type":{"kind":"SCALAR","name":"String","ofType":null},"isDeprecated":null,"deprecationReason":null}],"inputFields":[],"interfaces":[],"enumValues":[],"possibleTypes":[]},{"kind":"SCALAR","name":"Int","description":null,"fields":[],"inputFields":[],"interfaces":[],"enumValues":[],"possibleTypes":[]},{"kind":"SCALAR","name":"Float","description":null,"fields":[],"inputFields":[],"interfaces":[],"enumValues":[],"possibleTypes":[]},{"kind":"SCALAR","name":"String","description":null,"fields":[],"inputFields":[],"interfaces":[],"enumValues":[],"possibleTypes":[]},{"kind":"SCALAR","name":"Boolean","description":null,"fields":[],"inputFields":[],"interfaces":[],"enumValues":[],"possibleTypes":[]},{"kind":"SCALAR","name":"ID","description":null,"fields":[],"inputFields":[],"interfaces":[],"enumValues":[],"possibleTypes":[]}],"directives":[{"name":"include","description":"Directs the executor to include this field or fragment only when the argument is true.","locations":["FIELD","FRAGMENT_SPREAD","INLINE_FRAGMENT"],"args":[{"name":"if","description":"Included when true.","type":{"kind":"NON_NULL","name":null,"ofType":{"kind":"SCALAR","name":"Boolean","ofType":null}},"defaultValue":null}]},{"name":"skip","description":"Directs the executor to skip this field or fragment when the argument is true.","locations":["FIELD","FRAGMENT_SPREAD","INLINE_FRAGMENT"],"args":[{"name":"if","description":"Skipped when true.","type":{"kind":"NON_NULL","name":null,"ofType":{"kind":"SCALAR","name":"Boolean","ofType":null}},"defaultValue":null}]},{"name":"deprecated","description":"Marks an element of a GraphQL schema as no longer supported.","locations":["FIELD_DEFINITION","ENUM_VALUE"],"args":[{"name":"reason","description":"Explains why this element was deprecated, usually also including a suggestion\n    for how to access supported similar data. Formatted in\n    [Markdown](https://daringfireball.net/projects/markdown/).","type":{"kind":"SCALAR","name":"String","ofType":null},"defaultValue":"\"No longer supported\""}]}]}}}